// Jest Snapshot v1, https://goo.gl/fbAQLP

exports[`<Main /> should render the heading 1`] = `
.c0 {
  background-color: #1b1b1b;
  color: #fff;
  width: 100%;
  height: 100%;
  padding: 3rem;
  text-align: center;
  display: -webkit-box;
  display: -webkit-flex;
  display: -ms-flexbox;
  display: flex;
  -webkit-flex-direction: column;
  -ms-flex-direction: column;
  flex-direction: column;
  -webkit-align-items: center;
  -webkit-box-align: center;
  -ms-flex-align: center;
  align-items: center;
  -webkit-box-pack: center;
  -webkit-justify-content: center;
  -ms-flex-pack: center;
  justify-content: center;
}

.c1 {
  width: 10rem;
  margin-bottom: 2rem;
}

.c4 {
  width: 70rem;
  margin-bottom: 2rem;
}

.c2 {
  font-size: 2.5rem;
}

.c3 {
  font-size: 2rem;
  font-weight: 400;
}

<main
  class="c0"
>
  <img
    alt="Um logotipo com a letra S"
    class="c1"
    src="/img/logo.svg"
  />
  <h1
    class="c2"
  >
    Streaming
  </h1>
  <h2
    class="c3"
  >
    Integração de Mídias Sociais
  </h2>
  <img
    alt="Arte que mostra a conexão com várias mídias sociais"
    class="c4"
    src="/img/connect-midia.svg"
  />
</main>
`
